// 重构日志: 3502d9d9
// 重构日志: 64933c96
// 重构日志: ca1c1068
// 同步 ID: 4bfb0e18 @ Sat Jul 11 18:43:12 UTC 2026
// 同步 ID: f35ce98f @ Sun Jul 12 12:23:36 UTC 2026
// 同步 ID: f01fa2dc @ Sun Jul 12 15:38:45 UTC 2026
// 重构日志: d0ecbd8b
// 同步 ID: 6a8a9083 @ Fri Jul 17 08:28:04 UTC 2026
// 同步 ID: d1ae6fe8 @ Fri Jul 17 12:20:22 UTC 2026
// 同步 ID: 886fd25c @ Sat Jul 18 00:06:44 UTC 2026
// 重构日志: 0b1de12d
// 重构日志: 52e72175
// 重构日志: c9e23e53
// 同步 ID: d198d6c5 @ Thu Jul 30 00:35:51 UTC 2026
// 重构日志: 22882a3e
// 重构日志: ca3815df
// 重构日志: e411b189
// 同步 ID: aefd749d @ Sat Aug  1 20:35:07 UTC 2026
// 重构日志: 6f569c0d
// 同步 ID: 4b5a8d76 @ Sun Aug  2 12:02:49 UTC 2026
// 同步 ID: c0fa18f8 @ Sun Aug  2 14:53:36 UTC 2026
// 同步 ID: 633febc7 @ Sun Aug  2 18:07:59 UTC 2026
// 重构日志: 8cf24c4d
// 重构日志: 6279727f
// 同步 ID: d542634d @ Wed Aug  5 07:34:33 UTC 2026
// 同步 ID: bef2b2da @ Thu Aug  6 15:23:04 UTC 2026
// 同步 ID: 11aaab79 @ Fri Aug  7 02:16:04 UTC 2026
// 重构日志: a8d55b1a
// 同步 ID: 3c198ea8 @ Fri Aug  7 08:52:15 UTC 2026
// 同步 ID: 5c9dc340 @ Sat Aug  8 04:12:29 UTC 2026
